2025-05-08 17:13:18,948 - app.main - INFO - Starting Smart Zoning API
2025-05-08 17:13:19,388 - app.main - INFO - Starting Smart Zoning API
2025-05-08 17:13:19,733 - numexpr.utils - INFO - NumExpr defaulting to 8 threads.
2025-05-08 17:13:20,313 - numexpr.utils - INFO - NumExpr defaulting to 8 threads.
2025-05-08 17:23:12,827 - app.main - INFO - Starting Smart Zoning API
2025-05-08 17:23:13,334 - numexpr.utils - INFO - NumExpr defaulting to 8 threads.
2025-05-08 17:27:17,027 - app.main - INFO - Starting Smart Zoning API
2025-05-08 17:27:17,461 - numexpr.utils - INFO - NumExpr defaulting to 8 threads.
2025-05-08 17:45:46,623 - app.main - INFO - Starting Smart Zoning API
2025-05-08 17:45:46,945 - numexpr.utils - INFO - NumExpr defaulting to 8 threads.
2025-05-08 17:47:29,865 - app.main - INFO - Starting Smart Zoning API
2025-05-08 17:47:30,230 - numexpr.utils - INFO - NumExpr defaulting to 8 threads.
2025-05-08 18:02:53,113 - app.main - INFO - Starting Smart Zoning API
2025-05-08 18:02:53,657 - numexpr.utils - INFO - NumExpr defaulting to 8 threads.
2025-05-08 18:03:09,940 - app.routes.pdv_routes - INFO - Received file: Alger.csv, n_clusters: 5
2025-05-08 18:03:09,942 - app.routes.pdv_routes - INFO - Saved uploaded file to temporary location: C:\Users\PCCAMD~1\AppData\Local\Temp\tmp2nkdjdvj.csv
2025-05-08 18:03:13,918 - app.routes.pdv_routes - INFO - Clustering completed successfully
2025-05-08 19:14:04,276 - app.main - INFO - Starting Smart Zoning API
2025-05-08 19:18:04,034 - app.main - INFO - Starting Smart Zoning API
2025-05-08 19:18:05,059 - numexpr.utils - INFO - NumExpr defaulting to 8 threads.
2025-05-08 19:18:26,917 - app.main - INFO - Starting Smart Zoning API
2025-05-08 19:18:27,530 - numexpr.utils - INFO - NumExpr defaulting to 8 threads.
2025-05-08 19:22:30,506 - app.routes.pdv_routes - INFO - Received file: Alger.csv, n_clusters: 5
2025-05-08 19:22:30,510 - app.routes.pdv_routes - INFO - Saved uploaded file to temporary location: C:\Users\PCCAMD~1\AppData\Local\Temp\tmpkteowdms.csv
2025-05-08 19:22:30,513 - app.routes.pdv_routes - ERROR - Error processing upload
Traceback (most recent call last):
  File "C:\Users\pc cam dz\Desktop\zoning\Smart-Zoning\smart-zoning\backend\app\routes\pdv_routes.py", line 40, in upload_csv
    results = run_clustering_pipeline(temp_file_path, n_clusters=n_clusters)
              ^^^^^^^^^^^^^^^^^^^^^^^^^^^^^^^^^^^^^^^^^^^^^^^^^^^^^^^^^^^^^^
  File "C:\Users\pc cam dz\Desktop\zoning\Smart-Zoning\smart-zoning\backend\app\services\clustering_service.py", line 235, in run_clustering_pipeline
    cleaned_csv = preprocess_data(file_path)
                  ^^^^^^^^^^^^^^^^^^^^^^^^^^
  File "C:\Users\pc cam dz\Desktop\zoning\Smart-Zoning\smart-zoning\backend\app\services\clustering_service.py", line 30, in preprocess_data
    raise FileNotFoundError(f"GeoJSON not found: {geojson_path}")
FileNotFoundError: GeoJSON not found: all-wilayas.geojson
2025-05-08 19:25:25,366 - app.main - INFO - Starting Smart Zoning API
2025-05-08 19:25:25,887 - numexpr.utils - INFO - NumExpr defaulting to 8 threads.
2025-05-08 19:25:41,616 - app.routes.pdv_routes - INFO - Received file: Alger.csv, n_clusters: 5
2025-05-08 19:25:41,620 - app.routes.pdv_routes - INFO - Saved uploaded file to temporary location: C:\Users\PCCAMD~1\AppData\Local\Temp\tmpwjmwnq83.csv
2025-05-08 19:25:41,621 - app.routes.pdv_routes - ERROR - Error processing upload
Traceback (most recent call last):
  File "C:\Users\pc cam dz\Desktop\zoning\Smart-Zoning\smart-zoning\backend\app\routes\pdv_routes.py", line 40, in upload_csv
    results = run_clustering_pipeline(temp_file_path, n_clusters=n_clusters)
              ^^^^^^^^^^^^^^^^^^^^^^^^^^^^^^^^^^^^^^^^^^^^^^^^^^^^^^^^^^^^^^
  File "C:\Users\pc cam dz\Desktop\zoning\Smart-Zoning\smart-zoning\backend\app\services\clustering_service.py", line 235, in run_clustering_pipeline
    cleaned_csv = preprocess_data(file_path)
                  ^^^^^^^^^^^^^^^^^^^^^^^^^^
  File "C:\Users\pc cam dz\Desktop\zoning\Smart-Zoning\smart-zoning\backend\app\services\clustering_service.py", line 30, in preprocess_data
    raise FileNotFoundError(f"GeoJSON not found: {geojson_path}")
FileNotFoundError: GeoJSON not found: backend/data/all-wilayas.geojson
2025-05-08 19:31:14,943 - app.main - INFO - Starting Smart Zoning API
2025-05-08 19:31:15,536 - numexpr.utils - INFO - NumExpr defaulting to 8 threads.
2025-05-08 19:34:07,725 - app.routes.pdv_routes - INFO - Received file: Alger.csv, n_clusters: 5
2025-05-08 19:34:07,735 - app.routes.pdv_routes - INFO - Saved uploaded file to temporary location: C:\Users\PCCAMD~1\AppData\Local\Temp\tmpjp1f886n.csv
2025-05-08 19:34:10,308 - fiona._env - ERROR - `C:\Users\pc cam dz\Desktop\zoning\Smart-Zoning\smart-zoning\backend\app\data\all-wilayas.geojson' not recognized as a supported file format.
2025-05-08 19:34:10,322 - app.routes.pdv_routes - ERROR - Error processing upload
Traceback (most recent call last):
  File "fiona\\ogrext.pyx", line 136, in fiona.ogrext.gdal_open_vector
  File "fiona\\_err.pyx", line 291, in fiona._err.exc_wrap_pointer
fiona._err.CPLE_OpenFailedError: 'C:\Users\pc cam dz\Desktop\zoning\Smart-Zoning\smart-zoning\backend\app\data\all-wilayas.geojson' not recognized as a supported file format.

During handling of the above exception, another exception occurred:

Traceback (most recent call last):
  File "C:\Users\pc cam dz\Desktop\zoning\Smart-Zoning\smart-zoning\backend\app\routes\pdv_routes.py", line 40, in upload_csv
    results = run_clustering_pipeline(temp_file_path, n_clusters=n_clusters)
              ^^^^^^^^^^^^^^^^^^^^^^^^^^^^^^^^^^^^^^^^^^^^^^^^^^^^^^^^^^^^^^
  File "C:\Users\pc cam dz\Desktop\zoning\Smart-Zoning\smart-zoning\backend\app\services\clustering_service.py", line 276, in run_clustering_pipeline
    cleaned_csv = preprocess_data(file_path)
                  ^^^^^^^^^^^^^^^^^^^^^^^^^^
  File "C:\Users\pc cam dz\Desktop\zoning\Smart-Zoning\smart-zoning\backend\app\services\clustering_service.py", line 52, in preprocess_data
    wilayas = gpd.read_file(geojson_path)
              ^^^^^^^^^^^^^^^^^^^^^^^^^^^
  File "C:\anaconda\Lib\site-packages\geopandas\io\file.py", line 297, in _read_file
    return _read_file_fiona(
           ^^^^^^^^^^^^^^^^^
  File "C:\anaconda\Lib\site-packages\geopandas\io\file.py", line 338, in _read_file_fiona
    with reader(path_or_bytes, **kwargs) as features:
         ^^^^^^^^^^^^^^^^^^^^^^^^^^^^^^^
  File "C:\anaconda\Lib\site-packages\fiona\env.py", line 457, in wrapper
    return f(*args, **kwds)
           ^^^^^^^^^^^^^^^^
  File "C:\anaconda\Lib\site-packages\fiona\__init__.py", line 305, in open
    colxn = Collection(
            ^^^^^^^^^^^
  File "C:\anaconda\Lib\site-packages\fiona\collection.py", line 243, in __init__
    self.session.start(self, **kwargs)
  File "fiona\\ogrext.pyx", line 588, in fiona.ogrext.Session.start
  File "fiona\\ogrext.pyx", line 143, in fiona.ogrext.gdal_open_vector
fiona.errors.DriverError: 'C:\Users\pc cam dz\Desktop\zoning\Smart-Zoning\smart-zoning\backend\app\data\all-wilayas.geojson' not recognized as a supported file format.
2025-05-08 19:42:12,510 - app.main - INFO - Starting Smart Zoning API
2025-05-08 19:42:13,467 - numexpr.utils - INFO - NumExpr defaulting to 8 threads.
2025-05-08 19:42:55,011 - app.routes.pdv_routes - INFO - Received file: Alger.csv, n_clusters: 5
2025-05-08 19:42:55,020 - app.routes.pdv_routes - INFO - Saved uploaded file to temporary location: C:\Users\PCCAMD~1\AppData\Local\Temp\tmpz_j5h9qn.csv
2025-05-08 19:43:02,284 - app.routes.pdv_routes - INFO - Clustering completed successfully
2025-05-08 19:54:31,505 - app.main - INFO - Starting Smart Zoning API
2025-05-08 19:54:33,089 - numexpr.utils - INFO - NumExpr defaulting to 8 threads.
2025-05-08 19:55:32,883 - app.main - INFO - Starting Smart Zoning API
2025-05-08 19:55:33,634 - numexpr.utils - INFO - NumExpr defaulting to 8 threads.
2025-05-08 20:14:58,739 - app.routes.pdv_routes - INFO - Received file: Alger.csv, n_clusters: 5
2025-05-08 20:14:58,744 - app.routes.pdv_routes - INFO - Saved uploaded file to temporary location: C:\Users\PCCAMD~1\AppData\Local\Temp\tmpp59fhkyd.csv
2025-05-08 20:15:03,543 - app.routes.pdv_routes - INFO - Clustering completed successfully
2025-05-08 20:35:19,779 - app.routes.pdv_routes - INFO - Received file: Alger.csv, n_clusters: 5
2025-05-08 20:35:19,782 - app.routes.pdv_routes - INFO - Saved uploaded file to temporary location: C:\Users\PCCAMD~1\AppData\Local\Temp\tmpwovuk5vq.csv
2025-05-08 20:35:20,208 - app.routes.pdv_routes - INFO - Clustering completed successfully
2025-05-08 20:48:40,785 - app.main - INFO - Starting Smart Zoning API
2025-05-08 20:48:41,229 - numexpr.utils - INFO - NumExpr defaulting to 8 threads.
2025-05-08 20:49:18,258 - app.routes.pdv_routes - INFO - Received file: Alger.csv, n_clusters: 5
2025-05-08 20:49:18,261 - app.routes.pdv_routes - INFO - Saved uploaded file to temporary location: C:\Users\PCCAMD~1\AppData\Local\Temp\tmpvk3epvat.csv
2025-05-08 20:49:22,517 - app.routes.pdv_routes - INFO - Clustering completed successfully
2025-05-08 21:08:09,455 - app.main - INFO - Starting Smart Zoning API
2025-05-08 21:08:10,048 - numexpr.utils - INFO - NumExpr defaulting to 8 threads.
2025-05-08 21:10:15,545 - app.routes.pdv_routes - INFO - Received file: Alger.csv, n_clusters: 5
2025-05-08 21:10:15,547 - app.routes.pdv_routes - INFO - Saved uploaded file to temporary location: C:\Users\PCCAMD~1\AppData\Local\Temp\tmpn5j9afzy.csv
2025-05-08 21:10:19,290 - app.routes.pdv_routes - INFO - Clustering completed successfully
2025-05-08 21:10:19,337 - app.routes.pdv_routes - INFO - Received file: Alger.csv, n_clusters: 5
2025-05-08 21:10:19,338 - app.routes.pdv_routes - INFO - Saved uploaded file to temporary location: C:\Users\PCCAMD~1\AppData\Local\Temp\tmpftlyjlh2.csv
2025-05-08 21:10:19,596 - app.routes.pdv_routes - INFO - Clustering completed successfully
2025-05-08 22:48:23,848 - app.main - INFO - Starting Smart Zoning API
2025-05-08 22:48:24,407 - numexpr.utils - INFO - NumExpr defaulting to 8 threads.
2025-05-09 12:10:52,086 - app.main - INFO - Starting Smart Zoning API
2025-05-09 12:10:52,697 - numexpr.utils - INFO - NumExpr defaulting to 8 threads.
2025-05-09 12:17:20,544 - app.main - INFO - Starting Smart Zoning API
2025-05-09 12:17:21,099 - numexpr.utils - INFO - NumExpr defaulting to 8 threads.
2025-05-09 12:31:26,951 - app.main - INFO - Starting Smart Zoning API
2025-05-09 12:31:27,652 - numexpr.utils - INFO - NumExpr defaulting to 8 threads.
2025-05-09 13:33:09,633 - app.main - INFO - Starting Smart Zoning API
2025-05-09 13:33:10,208 - numexpr.utils - INFO - NumExpr defaulting to 8 threads.
2025-05-09 13:35:21,814 - app.main - INFO - Starting Smart Zoning API
2025-05-09 13:35:22,470 - numexpr.utils - INFO - NumExpr defaulting to 8 threads.
2025-05-09 14:04:56,992 - app.main - INFO - Starting Smart Zoning API
2025-05-09 14:05:11,083 - app.main - INFO - Starting Smart Zoning API
2025-05-09 14:05:11,497 - numexpr.utils - INFO - NumExpr defaulting to 8 threads.
2025-05-09 14:08:39,079 - app.main - INFO - Starting Smart Zoning API
2025-05-09 14:08:39,493 - numexpr.utils - INFO - NumExpr defaulting to 8 threads.
